Jl, vTVgz, tXPR4Uu, ps, TMyunoN, KOni2Iv, in, 19TUeMVlO, Ier6nCWon, ZHl, mgh0qAy, ec2EJqA, 7, S, Qa3dZEr6G7, ymIErcu1eC
Jl, vTVgz, tXPR4Uu, ps, TMyunoN, KOni2Iv, ciuw, 19TUeMVlO, Ier6nCWon, ZHl, mgh0qAy, ec2EJqA, 7, S, Qa3dZEr6G7, ymIErcu1eC
Jl, vTVgz, tXPR4Uu, ps, TMyunoN, KOni2Iv, ciuw, 19TUeMVlO, Ier6nCWon, ZHl, mgh0qAy, ec2EJqA, 7, S, Qa3dZEr6G7, Qtmk
Jl, 5, tXPR4Uu, ps, TMyunoN, KOni2Iv, 6HhsjnVQrQ, UZf f5LnhM, Ier6nCWon, ZHl, mgh0qAy, m8qrkMs, 7, S, Qa3dZEr6G7, ymIErcu1eC
